// Jest Snapshot v1, https://goo.gl/fbAQLP

exports[`InputField component renders without crashing given the required props 1`] = `ShallowWrapper {}`;
