// Jest Snapshot v1, https://goo.gl/fbAQLP

exports[`SelectDropdown component renders without crashing given the required props 1`] = `ShallowWrapper {}`;
